// Jest Snapshot v1, https://goo.gl/fbAQLP

exports[`Billing Billing 1`] = `
<div>
  <div
    class="Layout--vertical Layout--layout-spacing-large StyledProps--main StyledProps--padding-bottom-large"
  >
    <div
      class="Layout--vertical StyledProps--main billingHeader StyledProps--padding-top-large StyledProps--padding-bottom-large"
    >
      <p
        class="StyledProps--font StyledProps--main StyledProps--padding-bottom-large StyledProps--font-variation-body1 StyledProps--font-weight-bold"
      >
        common.subscriptions.tabs.billing
      </p>
      <div
        class="Layout--horizontal StyledProps--main StyledProps--flex StyledProps--flex-alignItems-center StyledProps--flex-justifyContent-start"
      >
        <div
          class="PillToggle--optionBtns"
        >
          <div
            class="PillToggle--item"
            data-name="toggle-option-one"
            role="button"
            tabindex="0"
          >
            Yearly
          </div>
          <div
            class="PillToggle--item PillToggle--selected"
            data-name="toggle-option-two"
            role="button"
            tabindex="0"
          >
            Monthly
          </div>
        </div>
        <p
          class="StyledProps--font StyledProps--main StyledProps--font-variation-small StyledProps--padding-left-small"
          style="display: flex; align-items: center;"
        >
          <span
            class="bp3-icon bp3-icon-dollar StyledProps--main Text--icon StyledProps--padding-right-xsmall StyledProps--color StyledProps--color-green700"
            icon="dollar"
          >
            <svg
              data-icon="dollar"
              height="12"
              viewBox="0 0 16 16"
              width="12"
            >
              <desc>
                dollar
              </desc>
              <path
                d="M12.83 9.51c-.1-.3-.25-.58-.45-.84s-.45-.49-.75-.7c-.3-.2-.65-.36-1.05-.48-.16-.04-.43-.11-.8-.2-.35-.09-.73-.18-1.12-.28-.39-.1-.74-.19-1.06-.27-.31-.08-.49-.12-.54-.13-.43-.12-.78-.29-1.05-.52-.27-.23-.4-.55-.4-.95 0-.29.07-.53.21-.72.14-.19.32-.34.54-.46.22-.11.46-.19.72-.24.26-.05.52-.08.77-.08.74 0 1.35.15 1.83.46.48.3.75.83.81 1.56h2.14c0-.6-.13-1.13-.38-1.58-.25-.45-.59-.84-1.02-1.15-.43-.31-.93-.54-1.49-.7-.24-.06-.49-.1-.75-.14V1c0-.55-.45-1-1-1s-1 .45-1 1v1.08c-.23.03-.46.07-.68.13-.54.13-1.02.34-1.44.61-.42.28-.76.63-1.02 1.05-.26.43-.39.93-.39 1.5 0 .3.04.59.13.88.09.29.23.56.44.82.21.26.48.49.83.7.35.21.79.38 1.31.51.85.21 1.56.38 2.14.52.58.13 1.08.28 1.52.42.25.09.48.23.69.44.21.21.32.53.32.97 0 .21-.05.42-.14.63-.09.21-.24.39-.45.55-.21.16-.47.29-.81.39-.33.1-.73.15-1.2.15-.43 0-.84-.05-1.21-.14-.37-.09-.7-.24-.99-.43-.29-.2-.51-.45-.67-.76-.16-.31-.24-.68-.24-1.12H3c.01.71.15 1.32.43 1.84.27.52.64.94 1.1 1.27.46.33.99.58 1.61.74.27.07.56.12.85.16V15c0 .55.45 1 1 1s1-.45 1-1v-1.05c.3-.03.61-.08.9-.15.58-.13 1.1-.34 1.56-.63.46-.29.83-.66 1.11-1.11.28-.45.42-1 .42-1.64 0-.31-.05-.61-.15-.91z"
                fill-rule="evenodd"
              />
            </svg>
          </span>
          authSettings.costCalculator.yearlySave
        </p>
      </div>
    </div>
    <div
      class="Layout--horizontal StyledProps--main equation StyledProps--flex StyledProps--flex-alignItems-start StyledProps--flex-justifyContent-left"
    >
      <div
        class="Layout--vertical Layout--layout-spacing-xsmall StyledProps--main StyledProps--padding-right-large"
      >
        <p
          class="StyledProps--font StyledProps--main"
        >
          authSettings.costCalculator.developerLicenses common.subtotal
        </p>
        <p
          class="StyledProps--font StyledProps--main StyledProps--font-size-medium"
        >
          common.perMonth
        </p>
        <p
          class="StyledProps--font StyledProps--main StyledProps--font-size-xsmall"
        >
          authSettings.billedAnnually
        </p>
        <p
          class="StyledProps--font StyledProps--main StyledProps--font-size-xsmall"
        >
          authSettings.unitPrice common.perMonth
        </p>
      </div>
      <p
        class="StyledProps--font StyledProps--main StyledProps--padding-right-large StyledProps--padding-top-medium StyledProps--font-size-large"
      >
        +
      </p>
      <div
        class="Layout--vertical Layout--layout-spacing-xsmall StyledProps--main StyledProps--padding-right-large"
      >
        <p
          class="StyledProps--font StyledProps--main"
        >
          authSettings.costCalculator.maus common.subtotal
        </p>
        <p
          class="StyledProps--font StyledProps--main StyledProps--font-size-medium"
        >
          common.perMonth
        </p>
        <p
          class="StyledProps--font StyledProps--main StyledProps--font-size-xsmall"
        >
          authSettings.billedAnnually
        </p>
        <p
          class="StyledProps--font StyledProps--main StyledProps--font-size-xsmall"
        >
          authSettings.unitPrice common.perMonth
        </p>
        <p
          class="StyledProps--font StyledProps--main StyledProps--font-size-xsmall"
        >
          authSettings.firstIncludedFree
        </p>
      </div>
      <p
        class="StyledProps--font StyledProps--main StyledProps--padding-right-large StyledProps--padding-top-medium StyledProps--font-size-large"
      >
        =
      </p>
      <div
        class="Layout--vertical Layout--layout-spacing-xsmall StyledProps--main"
      >
        <p
          class="StyledProps--font StyledProps--main"
        >
          authSettings.yearlySubscriptionTotal
        </p>
        <div
          class="Layout--horizontal Layout--layout-spacing-xsmall StyledProps--main StyledProps--flex StyledProps--flex-justifyContent-flex-start StyledProps--flex-alignItems-baseline"
        >
          <p
            class="StyledProps--font StyledProps--main StyledProps--font-size-medium"
          >
            common.perMonth
          </p>
          <p
            class="StyledProps--font StyledProps--main StyledProps--font-size-xsmall"
          >
            authSettings.plusTax
          </p>
        </div>
        <p
          class="StyledProps--font StyledProps--main StyledProps--font-size-xsmall"
        >
          authSettings.billedAnnually
        </p>
        <p
          class="StyledProps--font StyledProps--main StyledProps--font-size-xsmall"
        >
          authSettings.autoRenewal
        </p>
      </div>
    </div>
    <div
      class="StyledProps--font StyledProps--main premSupport"
    >
      <div
        class="Layout--horizontal StyledProps--main"
      >
        <span
          class="bp3-popover-wrapper"
        >
          <span
            class="bp3-popover-target"
          >
            <label
              class="bp3-control bp3-checkbox bp3-disabled StyledProps--font Checkbox--checkbox checkbox StyledProps--main"
            >
              <input
                disabled=""
                size="12"
                tabindex="0"
                type="checkbox"
              />
              <span
                class="bp3-control-indicator"
              />
            </label>
          </span>
        </span>
        <div
          class="Layout--horizontal StyledProps--main StyledProps--flex StyledProps--flex-justifyContent-space-between StyledProps--flex-alignItems-start StyledProps--padding-top-xsmall"
          style="width: 90%;"
        >
          <div
            class="Layout--vertical StyledProps--main"
          >
            <div
              class="Layout--horizontal Layout--layout-spacing-small StyledProps--main StyledProps--flex StyledProps--flex-alignItems-start"
            >
              <p
                class="StyledProps--font StyledProps--main crownLabel StyledProps--padding-bottom-xsmall StyledProps--font-variation-small"
                style="display: flex; align-items: center;"
              >
                <span
                  class="bp3-icon bp3-icon-crown StyledProps--main Text--icon StyledProps--padding-right-xsmall StyledProps--color StyledProps--color-orange700"
                  icon="crown"
                >
                  <svg
                    data-icon="crown"
                    height="16"
                    viewBox="0 0 16 16"
                    width="16"
                  >
                    <desc>
                      crown
                    </desc>
                    <path
                      d="M2 6l3 2 3-4 3 4 3-2-1 6H3L2 6zm6-5a1 1 0 110 2 1 1 0 010-2zM1 3a1 1 0 110 2 1 1 0 010-2zm14 0a1 1 0 110 2 1 1 0 010-2zM3 13h10v2H3v-2z"
                      fill-rule="evenodd"
                    />
                  </svg>
                </span>
                authSettings.costCalculator.premSupport.title
              </p>
              <p
                class="StyledProps--font StyledProps--main switchToYearly StyledProps--font-size-small StyledProps--font-weight-semi-bold StyledProps--color StyledProps--color-primary6"
                style="display: flex; align-items: center;"
              >
                authSettings.costCalculator.switchToYearly
                <span
                  class="bp3-icon bp3-icon-arrow-right StyledProps--main Text--icon StyledProps--padding-left-xsmall StyledProps--color StyledProps--color-primary6"
                  icon="arrow-right"
                >
                  <svg
                    data-icon="arrow-right"
                    height="16"
                    viewBox="0 0 16 16"
                    width="16"
                  >
                    <desc>
                      arrow-right
                    </desc>
                    <path
                      d="M14.7 7.29l-5-5a.965.965 0 00-.71-.3 1.003 1.003 0 00-.71 1.71l3.29 3.29H1.99c-.55 0-1 .45-1 1s.45 1 1 1h9.59l-3.29 3.29a1.003 1.003 0 001.42 1.42l5-5c.18-.18.29-.43.29-.71s-.12-.52-.3-.7z"
                      fill-rule="evenodd"
                    />
                  </svg>
                </span>
              </p>
            </div>
            <ul
              class="premLabel"
            >
              <li>
                <p
                  class="StyledProps--font StyledProps--main StyledProps--font-size-xsmall"
                >
                  authSettings.costCalculator.premSupport.line1
                </p>
              </li>
              <li>
                <p
                  class="StyledProps--font StyledProps--main StyledProps--font-size-xsmall"
                >
                  authSettings.costCalculator.premSupport.line2
                </p>
              </li>
              <li>
                <p
                  class="StyledProps--font StyledProps--main StyledProps--font-size-xsmall"
                >
                  authSettings.costCalculator.premSupport.line3
                </p>
              </li>
            </ul>
          </div>
          <p
            class="StyledProps--font StyledProps--main StyledProps--font-size-xsmall"
          >
            authSettings.costCalculator.premSupport.includedByDefault
          </p>
        </div>
      </div>
    </div>
  </div>
</div>
`;
