// Jest Snapshot v1, https://goo.gl/fbAQLP

exports[`Unit tests for ServiceHealth Verify if all the fields are rendered correctly inside ServiceHealth and with correct document title 1`] = `
<div>
  <div
    class="bp3-popover-wrapper timePeriods Select--main bp3-fill"
  >
    <div
      class="bp3-popover-target"
    >
      <div
        class="bp3-input-group"
      >
        <input
          autocomplete="off"
          class="bp3-input"
          placeholder="- Select -"
          style="padding-right: 0px;"
          type="text"
          value="cv.monitoredServices.serviceHealth.last24Hrs"
        />
        <span
          class="bp3-input-action"
        >
          <span
            class="bp3-icon bp3-icon-chevron-down StyledProps--main StyledProps--padding-small"
            icon="chevron-down"
          >
            <svg
              data-icon="chevron-down"
              height="14"
              viewBox="0 0 16 16"
              width="14"
            >
              <desc>
                chevron-down
              </desc>
              <path
                d="M12 5c-.28 0-.53.11-.71.29L8 8.59l-3.29-3.3a1.003 1.003 0 00-1.42 1.42l4 4c.18.18.43.29.71.29s.53-.11.71-.29l4-4A1.003 1.003 0 0012 5z"
                fill-rule="evenodd"
              />
            </svg>
          </span>
        </span>
      </div>
    </div>
  </div>
  <div
    class="StyledProps--font StyledProps--main serviceHealthCard"
  >
    <div
      class="StyledProps--font StyledProps--main container"
    >
      <div
        class="StyledProps--font StyledProps--main content"
      >
        <div
          class="StyledProps--font StyledProps--main tickerContainer"
        />
        <div
          class="StyledProps--font StyledProps--main main"
          data-testid="HealthScoreChartContainer"
        >
          <div
            class="StyledProps--font StyledProps--main main"
          >
            <div
              class="StyledProps--font StyledProps--main timelineRow"
            >
              <p
                class="StyledProps--font StyledProps--main rowLabel"
                style="width: 90px;"
              >
                cv.monitoredServices.serviceHealth.overallHealthScore
              </p>
              <div
                class="StyledProps--font StyledProps--main NoDataCard--noDataCard noData StyledProps--flex StyledProps--flex-align-center-center"
              >
                <div
                  class="Layout--vertical Layout--layout-spacing-medium StyledProps--main"
                  style="align-items: center; margin-top: -48px; width: 470px;"
                >
                  <img
                    class="noDataImage"
                    src="test-file-stub"
                  />
                  <p
                    class="StyledProps--font StyledProps--main StyledProps--font-size-small"
                  >
                    cv.monitoredServices.serviceHealth.noDataAvailableForHealthScore
                  </p>
                  <p
                    class="StyledProps--font StyledProps--main StyledProps--font-size-small"
                  >
                    cv.monitoredServices.serviceHealth.pleaseSelectAnotherTimeWindow
                  </p>
                  <div
                    class="NoDataCard--buttonContainer"
                  />
                </div>
              </div>
            </div>
          </div>
          <div
            class="main slider"
            style="left: 90px;"
          />
          <div
            class="StyledProps--font StyledProps--main main"
          >
            <div
              class="StyledProps--font StyledProps--main main"
            >
              <div
                class="StyledProps--font StyledProps--main timelineRow"
              >
                <p
                  class="StyledProps--font Text--lineclamp StyledProps--main rowLabel"
                  style="--text-line-clamp: 1; width: 90px;"
                >
                  deploymentsText
                </p>
                <div
                  class="StyledProps--font StyledProps--main timeline"
                >
                  <hr />
                </div>
              </div>
            </div>
            <div
              class="StyledProps--font StyledProps--main main"
            >
              <div
                class="StyledProps--font StyledProps--main timelineRow"
              >
                <p
                  class="StyledProps--font Text--lineclamp StyledProps--main rowLabel"
                  style="--text-line-clamp: 1; width: 90px;"
                >
                  infrastructureText
                </p>
                <div
                  class="StyledProps--font StyledProps--main timeline"
                >
                  <hr />
                </div>
              </div>
            </div>
            <div
              class="StyledProps--font StyledProps--main main"
            >
              <div
                class="StyledProps--font StyledProps--main timelineRow"
              >
                <p
                  class="StyledProps--font Text--lineclamp StyledProps--main rowLabel"
                  style="--text-line-clamp: 1; width: 90px;"
                >
                  cv.changeSource.tooltip.incidents
                </p>
                <div
                  class="StyledProps--font StyledProps--main timeline"
                >
                  <hr />
                </div>
              </div>
            </div>
            <div
              class="StyledProps--font StyledProps--main timelineChartContainer"
            >
              <p
                class="StyledProps--font StyledProps--main timelineLabel"
                style="width: 90px;"
              >
                CV.TIMELINE
              </p>
              <div
                class="timelineBar"
              />
            </div>
          </div>
        </div>
      </div>
    </div>
    <div
      class="Layout--horizontal Layout--layout-spacing-medium StyledProps--main"
    >
      <div
        class="StyledProps--font StyledProps--main"
        style="width: 60%;"
      >
        <div
          class="StyledProps--font StyledProps--main"
        >
          <p
            class="StyledProps--font StyledProps--main StyledProps--font-variation-h6 StyledProps--padding-bottom-medium"
          >
            changes
            (
            0
            )
          </p>
          <div
            class="bp3-card bp3-elevation-0 Card--card childContainer cardContainer"
          >
            <div
              class="StyledProps--font StyledProps--main NoDataCard--noDataCard noDataContainer StyledProps--flex StyledProps--flex-align-center-center"
            >
              <div
                class="Layout--vertical Layout--layout-spacing-medium StyledProps--main"
                style="align-items: center; margin-top: -48px; width: 470px;"
              >
                <img
                  src="test-file-stub"
                />
                <p
                  class="StyledProps--font StyledProps--main NoDataCard--message StyledProps--font-align-center StyledProps--color StyledProps--color-grey600"
                >
                  cv.monitoredServices.noAvailableData
                </p>
                <div
                  class="NoDataCard--buttonContainer"
                />
              </div>
            </div>
          </div>
        </div>
      </div>
      <div
        class="StyledProps--font StyledProps--main"
        style="width: 40%;"
      >
        <h2
          class="StyledProps--font StyledProps--font-h2 StyledProps--main StyledProps--font-variation-h6 StyledProps--padding-bottom-medium"
          level="2"
        >
          pipeline.serviceDependenciesText
        </h2>
        <div
          class="StyledProps--font StyledProps--main container"
        >
          <div
            class="StyledProps--font StyledProps--main content"
          >
            <div
              class="Layout--vertical StyledProps--main"
              style="height: 458px;"
            >
              <div
                class="StyledProps--font StyledProps--main NoDataCard--noDataCard noDataContainer StyledProps--flex StyledProps--flex-align-center-center"
              >
                <div
                  class="Layout--vertical Layout--layout-spacing-medium StyledProps--main"
                  style="align-items: center; margin-top: -48px; width: 470px;"
                >
                  <img
                    src="test-file-stub"
                  />
                  <p
                    class="StyledProps--font StyledProps--main NoDataCard--message StyledProps--font-align-center StyledProps--color StyledProps--color-grey600"
                  >
                    cv.monitoredServices.noAvailableData
                  </p>
                  <div
                    class="NoDataCard--buttonContainer"
                  />
                </div>
              </div>
            </div>
          </div>
        </div>
      </div>
    </div>
    <div
      class="bp3-card bp3-elevation-0 Card--card noServiceImageCard"
      data-testid="analysis-image-view"
    >
      <div
        class="StyledProps--font StyledProps--main NoDataCard--noDataCard noDataCardContainer StyledProps--flex StyledProps--flex-align-center-center"
      >
        <div
          class="Layout--vertical Layout--layout-spacing-medium StyledProps--main noDataCard"
          style="align-items: center; margin-top: -48px; width: 470px;"
        >
          <img
            class="noServiceImage"
            src="test-file-stub"
          />
          <p
            class="StyledProps--font StyledProps--main NoDataCard--message StyledProps--font-align-center StyledProps--color StyledProps--color-grey600"
          >
            cv.monitoredServices.serviceHealth.selectTimeline
          </p>
          <div
            class="NoDataCard--buttonContainer"
          />
        </div>
      </div>
    </div>
  </div>
</div>
`;
