// Jest Snapshot v1, https://goo.gl/fbAQLP

exports[`OverviewGlanceCards OverviewGlanceCards rendering 1`] = `
<div>
  <div
    class="Layout--horizontal Layout--layout-spacing-large StyledProps--main"
  >
    <div
      class="Layout--vertical Layout--layout-spacing-large StyledProps--main"
    >
      <div
        class="bp3-card bp3-elevation-0 Card--card card styledCard"
      >
        <span
          class="bp3-icon StyledProps--main icon StyledProps--color StyledProps--color-primary7"
          data-icon="nav-project"
        >
          <svg
            height="16"
            viewBox="0 0 16 16"
            width="16"
            xmlns="http://www.w3.org/2000/svg"
          >
            <path
              clip-rule="evenodd"
              d="M8.163 1.126a.5.5 0 00-.5 0L2.056 4.36a.5.5 0 00-.25.433v6.234a.5.5 0 00.248.432l5.87 3.415a.5.5 0 00.501 0l5.631-3.259a.5.5 0 00.25-.433V7.478a.5.5 0 00-1 0v3.417l-4.625 2.677.035-5.07 5.34-3.091a.5.5 0 000-.865l-5.894-3.42zM7.717 8.5l-.035 5.077-4.875-2.837V5.66l4.91 2.84zm.502-.865l-4.913-2.84 4.606-2.659 4.897 2.842-4.59 2.657zm-3.864-.068a.5.5 0 10-.5.866l2.165 1.25a.5.5 0 10.5-.866l-2.165-1.25z"
              fill="currentColor"
              fill-rule="evenodd"
            />
          </svg>
        </span>
        <p
          class="StyledProps--font StyledProps--main lineClamp lineHeight title StyledProps--color StyledProps--color-primary9 StyledProps--font-size-large StyledProps--font-weight-bold"
        >
          145
        </p>
        <p
          class="StyledProps--font Text--lineclamp StyledProps--main lineClamp StyledProps--color StyledProps--color-black StyledProps--font-size-small StyledProps--font-weight-semi-bold StyledProps--margin-top-small"
          style="--text-line-clamp: 1;"
        >
          projectsText
        </p>
        <span
          class="Tag--main"
        >
          <span
            class="bp3-tag tagClassName whiteTag"
          >
            <span
              class="bp3-text-overflow-ellipsis bp3-fill"
            >
              +137
            </span>
          </span>
        </span>
      </div>
      <div
        class="bp3-card bp3-elevation-0 Card--card card"
      >
        <span
          class="bp3-icon StyledProps--main icon StyledProps--color StyledProps--color-grey600"
          data-icon="infrastructure"
        >
          <svg
            height="24"
            viewBox="0 0 16 16"
            width="24"
            xmlns="http://www.w3.org/2000/svg"
          >
            <path
              clip-rule="evenodd"
              d="M12.543 5.377L8 2.755 3.458 5.377v5.246L8 13.245l4.543-2.622V5.377zM8.5 1.89a1 1 0 00-1 0L2.958 4.51a1 1 0 00-.5.866v5.246a1 1 0 00.5.866L7.5 14.11a1 1 0 001 0l4.543-2.622a1 1 0 00.5-.866V5.377a1 1 0 00-.5-.866L8.5 1.89z"
              fill="currentColor"
              fill-rule="evenodd"
            />
            <path
              clip-rule="evenodd"
              d="M10.233 6.71L8 5.422l-2.233 1.29V9.29L8 10.58l2.233-1.29V6.711zM8.5 4.556a1 1 0 00-1 0l-2.233 1.29a1 1 0 00-.5.866V9.29a1 1 0 00.5.866l2.233 1.29a1 1 0 001 0l2.233-1.29a1 1 0 00.5-.866V6.711a1 1 0 00-.5-.866L8.5 4.555z"
              fill="currentColor"
              fill-rule="evenodd"
            />
          </svg>
        </span>
        <p
          class="StyledProps--font StyledProps--main lineClamp lineHeight StyledProps--color StyledProps--color-black StyledProps--font-size-large StyledProps--font-weight-bold"
        >
          11
        </p>
        <p
          class="StyledProps--font Text--lineclamp StyledProps--main lineClamp StyledProps--color StyledProps--color-grey600 StyledProps--font-size-small StyledProps--font-weight-semi-bold StyledProps--margin-top-small"
          style="--text-line-clamp: 1;"
        >
          environments
        </p>
      </div>
    </div>
    <div
      class="Layout--vertical Layout--layout-spacing-large StyledProps--main"
    >
      <div
        class="bp3-card bp3-elevation-0 Card--card card"
      >
        <span
          class="bp3-icon StyledProps--main icon StyledProps--color StyledProps--color-grey600"
          data-icon="services"
        >
          <svg
            height="24"
            viewBox="0 0 16 16"
            width="24"
            xmlns="http://www.w3.org/2000/svg"
          >
            <path
              clip-rule="evenodd"
              d="M6.74 2.098a.6.6 0 01.6-.6h1.2a.6.6 0 01.6.6v1.4a4.57 4.57 0 011.083.448l.996-.993a.6.6 0 01.847 0l.85.847a.6.6 0 010 .85l-.993.99c.191.333.342.692.445 1.071h1.408a.6.6 0 01.6.6v1.2a.6.6 0 01-.6.6h-1.408a4.54 4.54 0 01-.447 1.073l.994.99a.6.6 0 010 .85l-.85.846a.6.6 0 01-.848 0l-.996-.992a4.574 4.574 0 01-1.08.445v1.401a.6.6 0 01-.6.6h-1.2a.6.6 0 01-.6-.6v-1.4a4.573 4.573 0 01-1.082-.447l-.996.992a.6.6 0 01-.847 0l-.85-.846a.6.6 0 010-.85l.993-.99a4.536 4.536 0 01-.447-1.072H2.106a.6.6 0 01-.6-.6v-1.2a.6.6 0 01.6-.6h1.406a4.52 4.52 0 01.446-1.072l-.993-.989a.6.6 0 010-.85l.85-.847a.6.6 0 01.847 0l.996.992c.336-.192.7-.343 1.083-.446V2.098zm.8.2v1.353a.607.607 0 01-.47.59c-.402.094-.78.252-1.122.462a.607.607 0 01-.747-.084L4.24 3.66l-.567.565.96.956a.607.607 0 01.084.75c-.21.339-.368.713-.463 1.111a.607.607 0 01-.588.47h-1.36v.8h1.36c.29 0 .526.204.588.468.095.399.253.773.463 1.112a.607.607 0 01-.084.75l-.96.955.567.565.963-.959a.607.607 0 01.747-.084c.341.21.719.369 1.121.463.265.061.47.297.47.589v1.353h.8v-1.353a.61.61 0 01.47-.59 3.773 3.773 0 001.121-.462.607.607 0 01.747.085l.963.959.567-.565-.96-.955a.607.607 0 01-.084-.75c.21-.34.369-.714.463-1.113a.607.607 0 01.59-.469h1.359v-.8h-1.36a.607.607 0 01-.589-.469 3.735 3.735 0 00-.462-1.11.607.607 0 01.085-.75l.96-.957-.567-.564-.963.959a.607.607 0 01-.747.084A3.773 3.773 0 008.81 4.24a.607.607 0 01-.47-.59V2.298h-.8zM8.016 6.1a1.9 1.9 0 100 3.8 1.9 1.9 0 000-3.8zM5.315 8a2.7 2.7 0 115.4 0 2.7 2.7 0 01-5.4 0z"
              fill="currentColor"
              fill-rule="evenodd"
            />
          </svg>
        </span>
        <p
          class="StyledProps--font StyledProps--main lineClamp lineHeight StyledProps--color StyledProps--color-black StyledProps--font-size-large StyledProps--font-weight-bold"
        >
          11
        </p>
        <p
          class="StyledProps--font Text--lineclamp StyledProps--main lineClamp StyledProps--color StyledProps--color-grey600 StyledProps--font-size-small StyledProps--font-weight-semi-bold StyledProps--margin-top-small"
          style="--text-line-clamp: 1;"
        >
          services
        </p>
      </div>
      <div
        class="bp3-card bp3-elevation-0 Card--card card"
      >
        <span
          class="bp3-icon StyledProps--main icon StyledProps--color StyledProps--color-grey600"
          data-icon="pipeline"
        >
          <svg
            height="38"
            viewBox="0 0 38 16"
            width="38"
            xmlns="http://www.w3.org/2000/svg"
          >
            <path
              d="M23.71.966a1 1 0 01.068.067L26.475 4H30V3a1 1 0 011-1h6a1 1 0 011 1v3a1 1 0 01-1 1h-6a1 1 0 01-1-1V5h-3.31l-2.912 3.203a1 1 0 01-1.48 0L19.384 5H18v1a1 1 0 01-1 1h-6a1 1 0 01-1-1V5H8v1a1 1 0 01-1 1H1a1 1 0 01-1-1V3a1 1 0 011-1h6a1 1 0 011 1v1h2V3a1 1 0 011-1h6a1 1 0 011 1v1h1.599l2.699-2.967A1 1 0 0123.71.966zm.04 1.31a1 1 0 00-1.414 0l-1.768 1.767a1 1 0 000 1.414l1.768 1.768a1 1 0 001.414 0l1.768-1.768a1 1 0 000-1.414zM6 3H2a1 1 0 00-1 1v1a1 1 0 001 1h4a1 1 0 001-1V4a1 1 0 00-1-1zm10 0h-4a1 1 0 00-1 1v1a1 1 0 001 1h4a1 1 0 001-1V4a1 1 0 00-1-1zm20 0h-4a1 1 0 00-1 1v1a1 1 0 001 1h4a1 1 0 001-1V4a1 1 0 00-1-1zm-19 8a1 1 0 011 1v3a1 1 0 01-1 1h-6a1 1 0 01-1-1v-3a1 1 0 011-1h6zm-1 1h-4a1 1 0 00-1 1v1a1 1 0 001 1h4a1 1 0 001-1v-1a1 1 0 00-1-1z"
              fill="#25A6F7"
              fill-rule="evenodd"
            />
          </svg>
        </span>
        <p
          class="StyledProps--font StyledProps--main lineClamp lineHeight StyledProps--color StyledProps--color-black StyledProps--font-size-large StyledProps--font-weight-bold"
        >
          13
        </p>
        <p
          class="StyledProps--font Text--lineclamp StyledProps--main lineClamp StyledProps--color StyledProps--color-grey600 StyledProps--font-size-small StyledProps--font-weight-semi-bold StyledProps--margin-top-small"
          style="--text-line-clamp: 1;"
        >
          pipelines
        </p>
        <span
          class="Tag--main"
        >
          <span
            class="bp3-tag tagClassName"
          >
            <span
              class="bp3-text-overflow-ellipsis bp3-fill"
            >
              +9
            </span>
          </span>
        </span>
      </div>
    </div>
  </div>
</div>
`;
