// Jest Snapshot v1, https://goo.gl/fbAQLP

exports[`Organization Card test initializes ok  1`] = `
<div>
  <div
    class="bp3-card bp3-interactive bp3-elevation-2 Card--card card Card--interactive"
    data-testid="org-card-bfvbfkbvf"
    tabindex="0"
  >
    <div
      class="StyledProps--font StyledProps--main overflow"
    >
      <div
        class="Card--cardMenu cardMenu"
      >
        <div
          class="Card--dots"
        >
          <span
            class="bp3-popover-wrapper bp3-dark"
          >
            <span
              class="bp3-popover-target"
            >
              <button
                class="bp3-button bp3-minimal Button--button StyledProps--font StyledProps--main Card--menu Button--with-current-color Button--round Button--iconOnly Button--without-shadow Button--withLeftIcon"
                type="button"
              >
                <span
                  class="bp3-icon bp3-icon-more StyledProps--main"
                  icon="more"
                >
                  <svg
                    data-icon="more"
                    height="16"
                    viewBox="0 0 16 16"
                    width="16"
                  >
                    <desc>
                      more
                    </desc>
                    <path
                      d="M2 6.03a2 2 0 100 4 2 2 0 100-4zM14 6.03a2 2 0 100 4 2 2 0 100-4zM8 6.03a2 2 0 100 4 2 2 0 100-4z"
                      fill-rule="evenodd"
                    />
                  </svg>
                </span>
              </button>
            </span>
          </span>
        </div>
      </div>
      <div
        class="Layout--vertical StyledProps--main title"
      >
        <p
          class="StyledProps--font Text--lineclamp StyledProps--main StyledProps--font-medium StyledProps--color StyledProps--color-black"
          style="--text-line-clamp: 1;"
        >
          bfvbfkbvf
        </p>
        <div
          class="Layout--horizontal StyledProps--main description StyledProps--margin-bottom-xsmall"
        >
          <p
            class="StyledProps--font Text--lineclamp StyledProps--main StyledProps--color StyledProps--color-grey350"
            style="--text-line-clamp: 2;"
          >
            ddsadsad
          </p>
        </div>
        <div
          class="Layout--horizontal Layout--layout-spacing-xsmall StyledProps--main tags"
        >
          <span
            class="Tag--main"
          >
            <span
              class="bp3-tag tagText"
              style="max-width: 80px;"
            >
              <span
                class="bp3-text-overflow-ellipsis bp3-fill"
              >
                ce:module
              </span>
            </span>
          </span>
          <span
            class="Tag--main"
          >
            <span
              class="bp3-tag tagText"
              style="max-width: 80px;"
            >
              <span
                class="bp3-text-overflow-ellipsis bp3-fill"
              >
                prod
              </span>
            </span>
          </span>
          <span
            class="Tag--main"
          >
            <span
              class="bp3-tag tagText"
              style="max-width: 80px;"
            >
              <span
                class="bp3-text-overflow-ellipsis bp3-fill"
              >
                cv:module
              </span>
            </span>
          </span>
          <span
            class="bp3-popover-wrapper"
          >
            <span
              class="bp3-popover-target"
            >
              <p
                class="StyledProps--font StyledProps--main"
                tabindex="0"
              >
                plus2
              </p>
            </span>
          </span>
        </div>
        <div
          class="Layout--horizontal StyledProps--main StyledProps--padding-top-xlarge"
        >
          <div
            class="Layout--vertical Layout--layout-spacing-small StyledProps--main"
          >
            <div
              class="Layout--horizontal Layout--layout-spacing-small StyledProps--main StyledProps--flex StyledProps--flex-align-center-center"
            >
              <span
                class="bp3-icon StyledProps--main"
                data-icon="nav-project"
              >
                <svg
                  height="32"
                  viewBox="0 0 16 16"
                  width="32"
                  xmlns="http://www.w3.org/2000/svg"
                >
                  <path
                    clip-rule="evenodd"
                    d="M8.163 1.126a.5.5 0 00-.5 0L2.056 4.36a.5.5 0 00-.25.433v6.234a.5.5 0 00.248.432l5.87 3.415a.5.5 0 00.501 0l5.631-3.259a.5.5 0 00.25-.433V7.478a.5.5 0 00-1 0v3.417l-4.625 2.677.035-5.07 5.34-3.091a.5.5 0 000-.865l-5.894-3.42zM7.717 8.5l-.035 5.077-4.875-2.837V5.66l4.91 2.84zm.502-.865l-4.913-2.84 4.606-2.659 4.897 2.842-4.59 2.657zm-3.864-.068a.5.5 0 10-.5.866l2.165 1.25a.5.5 0 10.5-.866l-2.165-1.25z"
                    fill="currentColor"
                    fill-rule="evenodd"
                  />
                </svg>
              </span>
              <p
                class="StyledProps--font StyledProps--main StyledProps--font-medium"
              >
                2
              </p>
            </div>
            <p
              class="StyledProps--font StyledProps--main StyledProps--font-small"
            >
              projectsText
            </p>
          </div>
          <div
            class="Layout--vertical Layout--layout-spacing-small StyledProps--main StyledProps--padding-left-huge StyledProps--flex"
          >
            <div
              class="Layout--horizontal StyledProps--main StyledProps--flex StyledProps--flex-alignItems-center StyledProps--flex-justifyContent-flex-start"
            >
              <div
                class="AvatarGroup--stack"
                style="--avatar-over-lap: -13px;"
              >
                <div
                  class="AvatarGroup--stackAvatar Avatar--Avatar Avatar--contentStyle"
                >
                  <span
                    class="bp3-popover-wrapper Avatar--avatarPopOver"
                  >
                    <span
                      class="bp3-popover-target"
                    >
                      <div
                        class="Avatar--AvatarInner"
                        style="border-radius: 100%; line-height: 25px; width: 32px; height: 32px; font-size: 20px; font-weight: 200;"
                        tabindex="0"
                      >
                        +
                      </div>
                    </span>
                  </span>
                </div>
                <div
                  class="AvatarGroup--stackAvatar Avatar--Avatar Avatar--contentStyle"
                  uuid="lv0efduRhKRCyiXWzS7pOg6g"
                >
                  <span
                    class="bp3-popover-wrapper Avatar--avatarPopOver"
                  >
                    <span
                      class="bp3-popover-target"
                    >
                      <div
                        class="Avatar--AvatarInner"
                        style="border-radius: 100%; line-height: 26px; width: 32px; height: 32px; font-size: 10px;"
                        tabindex="0"
                      >
                        A
                      </div>
                    </span>
                  </span>
                </div>
                <div
                  class="AvatarGroup--stackAvatar Avatar--Avatar Avatar--contentStyle"
                  uuid="lv0euRhKRCyiXWzS7pOg6g"
                >
                  <span
                    class="bp3-popover-wrapper Avatar--avatarPopOver"
                  >
                    <span
                      class="bp3-popover-target"
                    >
                      <div
                        class="Avatar--AvatarInner"
                        style="border-radius: 100%; line-height: 26px; width: 32px; height: 32px; font-size: 10px;"
                        tabindex="0"
                      >
                        A
                      </div>
                    </span>
                  </span>
                </div>
              </div>
            </div>
            <p
              class="StyledProps--font StyledProps--main StyledProps--font-small"
            >
              2 members
            </p>
          </div>
        </div>
      </div>
    </div>
  </div>
</div>
`;
