// Jest Snapshot v1, https://goo.gl/fbAQLP

exports[`<PipelineTemplateCanvasWrapper/> tests should match snapshot 1`] = `
<div>
  <div
    class="stage-builder-mock"
  />
  <div
    class="pipeline-studio-right-bar-mock"
  />
  <div
    class="right-drawer-mock"
  />
</div>
`;
