// Jest Snapshot v1, https://goo.gl/fbAQLP

exports[`Monitored Service Summary Card Service data available 1`] = `
<div>
  <div
    class="StyledProps--font StyledProps--main StyledProps--flex"
  >
    <div
      class="StyledProps--font StyledProps--main"
    >
      <a
        href="/account/account_id/cv/orgs/org_identifier/projects/project_identifier/monitoringservices/edit/identifier?tab=ServiceHealth"
      >
        <p
          class="StyledProps--font StyledProps--main serviceName StyledProps--color StyledProps--color-primary7 StyledProps--font-variation-h6"
        >
          serviceName
        </p>
      </a>
      <p
        class="StyledProps--font StyledProps--main StyledProps--color StyledProps--color-grey0 StyledProps--font-variation-small"
      >
        environmentName
      </p>
    </div>
    <div
      class="StyledProps--font StyledProps--main StyledProps--flex"
    >
      <button
        class="bp3-button Button--button StyledProps--font StyledProps--main Button--with-current-color Button--iconOnly Button--withLeftIcon Button--variation Button--variation-icon"
        type="button"
      >
        <span
          class="bp3-icon StyledProps--main StyledProps--color StyledProps--color-grey0"
          data-icon="Edit"
        >
          <svg
            height="14"
            viewBox="0 0 16 16"
            width="14"
            xmlns="http://www.w3.org/2000/svg"
          >
            <path
              clip-rule="evenodd"
              d="M11.207.485a.5.5 0 01.354-.146 3.5 3.5 0 013.5 3.5.5.5 0 01-.146.353l-11 11a.5.5 0 01-.354.147h-3a.5.5 0 01-.5-.5v-3a.5.5 0 01.146-.354l11-11zm.553.862L1.061 12.046v2.293h2.293l10.7-10.7a2.5 2.5 0 00-2.294-2.292z"
              fill="currentColor"
              fill-rule="evenodd"
            />
            <path
              clip-rule="evenodd"
              d="M11.89 2.646a.5.5 0 010 .708L8.353 6.889a.5.5 0 01-.708-.707l3.536-3.536a.5.5 0 01.707 0z"
              fill="currentColor"
              fill-rule="evenodd"
              opacity="0.3"
            />
          </svg>
        </span>
      </button>
      <button
        class="bp3-button Button--button StyledProps--font StyledProps--main StyledProps--margin-right-small Button--with-current-color Button--iconOnly Button--withLeftIcon Button--variation Button--variation-icon"
        type="button"
      >
        <span
          class="bp3-icon bp3-icon-trash StyledProps--main StyledProps--color StyledProps--color-grey0"
          icon="trash"
        >
          <svg
            data-icon="trash"
            height="14"
            viewBox="0 0 16 16"
            width="14"
          >
            <desc>
              trash
            </desc>
            <path
              d="M14.49 3.99h-13c-.28 0-.5.22-.5.5s.22.5.5.5h.5v10c0 .55.45 1 1 1h10c.55 0 1-.45 1-1v-10h.5c.28 0 .5-.22.5-.5s-.22-.5-.5-.5zm-8.5 9c0 .55-.45 1-1 1s-1-.45-1-1v-6c0-.55.45-1 1-1s1 .45 1 1v6zm3 0c0 .55-.45 1-1 1s-1-.45-1-1v-6c0-.55.45-1 1-1s1 .45 1 1v6zm3 0c0 .55-.45 1-1 1s-1-.45-1-1v-6c0-.55.45-1 1-1s1 .45 1 1v6zm2-12h-4c0-.55-.45-1-1-1h-2c-.55 0-1 .45-1 1h-4c-.55 0-1 .45-1 1v1h14v-1c0-.55-.45-1-1-1z"
              fill-rule="evenodd"
            />
          </svg>
        </span>
      </button>
      <div
        class="optionBtn"
      >
        <div
          class="item active disabled"
          data-name="on-btn"
          role="button"
        >
          common.ON
        </div>
        <div
          class="item"
          data-name="off-btn"
          role="button"
        >
          common.OFF
        </div>
      </div>
    </div>
  </div>
  <div
    class="StyledProps--font StyledProps--main StyledProps--border StyledProps--border-top StyledProps--border-bottom StyledProps--border-color-grey400 StyledProps--padding-top-medium StyledProps--padding-bottom-medium StyledProps--margin-top-medium StyledProps--margin-bottom-medium"
  >
    <p
      class="StyledProps--font StyledProps--main serviceChanges StyledProps--color StyledProps--color-grey0 StyledProps--font-variation-tiny-semi StyledProps--padding-bottom-medium"
    >
      cv.Dependency.serviceChanges
    </p>
    <div
      class="Layout--vertical Layout--layout-spacing-small StyledProps--main"
    >
      <p
        class="StyledProps--font StyledProps--main StyledProps--font-variation-small StyledProps--color StyledProps--color-grey100"
        style="display: flex; align-items: center;"
      >
        <span
          class="bp3-icon StyledProps--main Text--icon StyledProps--padding-right-xsmall StyledProps--color StyledProps--color-grey100"
          data-icon="nav-project"
        >
          <svg
            height="12"
            viewBox="0 0 16 16"
            width="12"
            xmlns="http://www.w3.org/2000/svg"
          >
            <path
              clip-rule="evenodd"
              d="M8.163 1.126a.5.5 0 00-.5 0L2.056 4.36a.5.5 0 00-.25.433v6.234a.5.5 0 00.248.432l5.87 3.415a.5.5 0 00.501 0l5.631-3.259a.5.5 0 00.25-.433V7.478a.5.5 0 00-1 0v3.417l-4.625 2.677.035-5.07 5.34-3.091a.5.5 0 000-.865l-5.894-3.42zM7.717 8.5l-.035 5.077-4.875-2.837V5.66l4.91 2.84zm.502-.865l-4.913-2.84 4.606-2.659 4.897 2.842-4.59 2.657zm-3.864-.068a.5.5 0 10-.5.866l2.165 1.25a.5.5 0 10.5-.866l-2.165-1.25z"
              fill="currentColor"
              fill-rule="evenodd"
            />
          </svg>
        </span>
        10 Deployments
      </p>
      <p
        class="StyledProps--font StyledProps--main infrastructureIconPadding StyledProps--font-variation-small StyledProps--color StyledProps--color-grey100"
        style="display: flex; align-items: center;"
      >
        <span
          class="bp3-icon StyledProps--main Text--icon StyledProps--padding-none StyledProps--color StyledProps--color-grey100"
          data-icon="infrastructure"
        >
          <svg
            height="18"
            viewBox="0 0 16 16"
            width="18"
            xmlns="http://www.w3.org/2000/svg"
          >
            <path
              clip-rule="evenodd"
              d="M12.543 5.377L8 2.755 3.458 5.377v5.246L8 13.245l4.543-2.622V5.377zM8.5 1.89a1 1 0 00-1 0L2.958 4.51a1 1 0 00-.5.866v5.246a1 1 0 00.5.866L7.5 14.11a1 1 0 001 0l4.543-2.622a1 1 0 00.5-.866V5.377a1 1 0 00-.5-.866L8.5 1.89z"
              fill="currentColor"
              fill-rule="evenodd"
            />
            <path
              clip-rule="evenodd"
              d="M10.233 6.71L8 5.422l-2.233 1.29V9.29L8 10.58l2.233-1.29V6.711zM8.5 4.556a1 1 0 00-1 0l-2.233 1.29a1 1 0 00-.5.866V9.29a1 1 0 00.5.866l2.233 1.29a1 1 0 001 0l2.233-1.29a1 1 0 00.5-.866V6.711a1 1 0 00-.5-.866L8.5 4.555z"
              fill="currentColor"
              fill-rule="evenodd"
            />
          </svg>
        </span>
        10 infrastructureText changes
      </p>
      <p
        class="StyledProps--font StyledProps--main StyledProps--font-variation-small StyledProps--color StyledProps--color-grey100"
        style="display: flex; align-items: center;"
      >
        <span
          class="bp3-icon StyledProps--main Text--icon StyledProps--padding-right-xsmall StyledProps--color StyledProps--color-grey100"
          data-icon="warning-outline"
        >
          <svg
            fill="#fff"
            height="12"
            stroke="currentColor"
            stroke-linecap="round"
            stroke-linejoin="round"
            stroke-width="2"
            viewBox="0 0 24 24"
            width="12"
            xmlns="http://www.w3.org/2000/svg"
          >
            <path
              d="M10.29 3.86L1.82 18a2 2 0 001.71 3h16.94a2 2 0 001.71-3L13.71 3.86a2 2 0 00-3.42 0zM12 9v4M12 17h.01"
            />
          </svg>
        </span>
        10 cv.changeSource.tooltip.incidents
      </p>
    </div>
  </div>
  <div
    class="Layout--vertical Layout--layout-spacing-large StyledProps--main"
  >
    <p
      class="StyledProps--font StyledProps--main serviceHealth StyledProps--color StyledProps--color-grey0 StyledProps--font-variation-tiny-semi"
    >
      cv.monitoredServices.monitoredServiceTabs.serviceHealth
    </p>
    <div
      class="StyledProps--font StyledProps--main StyledProps--padding-top-small StyledProps--padding-bottom-large"
    />
    <div
      class="Layout--horizontal Layout--layout-spacing-small StyledProps--main healthScoreCardContainer"
    >
      <span
        class="Tag--main"
      >
        <span
          class="bp3-tag healthScoreCard"
        >
          <span
            class="bp3-text-overflow-ellipsis bp3-fill"
          >
            45
          </span>
        </span>
      </span>
      <p
        class="StyledProps--font StyledProps--main StyledProps--color StyledProps--color-grey0 StyledProps--font-variation-small"
      >
        cv.monitoredServices.serviceHealth.serviceDependencies.states.needsAttention
      </p>
    </div>
    <p
      class="StyledProps--font StyledProps--main StyledProps--color StyledProps--color-grey0 StyledProps--font-variation-tiny-semi StyledProps--padding-bottom-small"
    >
      cv.dependenciesHealthWithCount
    </p>
    <div
      class="Layout--horizontal StyledProps--main container"
    >
      <span
        class="bp3-popover-wrapper"
      >
        <span
          class="bp3-popover-target"
        >
          <span
            class="bp3-icon StyledProps--main StyledProps--color StyledProps--color-green500"
            data-icon="polygon"
            tabindex="0"
          >
            <svg
              height="14"
              viewBox="0 0 9.5 12"
              width="14"
              xmlns="http://www.w3.org/2000/svg"
            >
              <path
                d="M4.776.885L9.252 3.41v5.05l-4.476 2.526L.3 8.461v-5.05z"
                fill="currentColor"
                fill-rule="evenodd"
              />
            </svg>
          </span>
        </span>
      </span>
    </div>
    <p
      class="StyledProps--font StyledProps--main StyledProps--color StyledProps--color-grey0 StyledProps--font-variation-tiny-semi StyledProps--padding-bottom-small"
    >
      cv.slos.title (0)
    </p>
  </div>
</div>
`;
