// Jest Snapshot v1, https://goo.gl/fbAQLP

exports[`Test cases for Create Perspective Folder Dialog Perspective selection should work 1`] = `
<div>
  <button
    class="opnModal"
  />
</div>
`;
