// Jest Snapshot v1, https://goo.gl/fbAQLP

exports[`Test cases for perspective folder side nav Should render the folders list as side nav 1`] = `
<div>
  <div
    class="Layout--vertical Layout--layout-spacing-small StyledProps--main sidenavWrapper"
  >
    <p
      class="StyledProps--font StyledProps--main StyledProps--color StyledProps--color-grey800 StyledProps--font-variation-h6 StyledProps--padding-top-xlarge StyledProps--padding-left-xxlarge"
    >
      ce.perspectives.folders.heading
    </p>
    <ul
      class="foldersList"
    >
      <li
        class="link"
      >
        <div
          class="Layout--horizontal StyledProps--main StyledProps--flex StyledProps--flex-justifyContent-space-between"
        >
          <p
            class="StyledProps--font Text--lineclamp StyledProps--main sidenavText StyledProps--font-variation-body StyledProps--color StyledProps--color-grey700"
            style="max-width: 200px; --text-line-clamp: 1; display: flex; align-items: center;"
          >
            <span
              class="bp3-icon StyledProps--main Text--icon StyledProps--padding-right-xsmall"
              data-icon="main-folder"
            >
              <svg
                height="16"
                viewBox="0 0 14 11"
                width="16"
                xmlns="http://www.w3.org/2000/svg"
              >
                <path
                  d="M0 10.3c0 .4.3.7.7.7h12.6c.4 0 .7-.3.7-.7V3.4H0zm13.3-8.9H6.6L5.4.2C5.3.1 5.1 0 4.9 0H.7C.3 0 0 .3 0 .7v2.1h14v-.7c0-.4-.3-.7-.7-.7z"
                  fill="#4d5969"
                />
              </svg>
            </span>
            Default Folder
          </p>
        </div>
      </li>
      <li
        class="link"
      >
        <div
          class="Layout--horizontal StyledProps--main StyledProps--flex StyledProps--flex-justifyContent-space-between"
        >
          <p
            class="StyledProps--font Text--lineclamp StyledProps--main sidenavText StyledProps--font-variation-body StyledProps--color StyledProps--color-grey700"
            style="max-width: 200px; --text-line-clamp: 1; display: flex; align-items: center;"
          >
            <span
              class="bp3-icon StyledProps--main Text--icon StyledProps--padding-right-xsmall"
              data-icon="harness-with-color"
            >
              <svg
                height="16"
                viewBox="0 0 25 25"
                width="16"
                xmlns="http://www.w3.org/2000/svg"
              >
                <path
                  d="M22.974 8.186L16.708 1.88a7.023 7.023 0 00-2.59-1.572C11.98-.409 9.858.154 8.135 1.88L1.868 8.186a7.081 7.081 0 00-1.562 2.606c-.713 2.153-.153 4.289 1.562 6.023l6.266 6.306a7.113 7.113 0 002.589 1.58 5.663 5.663 0 001.808.308c1.503 0 2.946-.64 4.177-1.88l6.266-6.305a7.08 7.08 0 001.562-2.606c.713-2.162.153-4.298-1.562-6.032zm-10.07-4.477c.706.213 1.232.7 1.274.735l1.851 1.862-3.608 3.631-3.608-3.63 1.859-1.872c.5-.496 1.197-1.034 2.233-.726zm-9.219 8.305c.212-.71.696-1.24.73-1.282l1.85-1.863 3.609 3.632-3.608 3.63-1.86-1.87c-.492-.504-1.027-1.214-.721-2.247zm8.252 9.279c-.705-.214-1.231-.701-1.273-.735l-1.851-1.863 3.608-3.631 3.608 3.631-1.86 1.871c-.5.496-1.205 1.034-2.232.726zm9.22-8.305c-.212.709-.696 1.239-.73 1.281l-1.851 1.863-3.608-3.631 3.608-3.632 1.86 1.872c.492.504 1.027 1.204.72 2.247z"
                  fill="currentColor"
                  fill-rule="evenodd"
                />
              </svg>
            </span>
            Out of the box Folder
          </p>
        </div>
      </li>
    </ul>
    <div
      class="StyledProps--font StyledProps--main customFoldersNav"
    >
      <p
        class="StyledProps--font StyledProps--main StyledProps--color StyledProps--color-grey700 StyledProps--font-variation-body StyledProps--border StyledProps--border-bottom StyledProps--padding-bottom-xsmall"
      >
        ce.perspectives.folders.customFolders
      </p>
      <button
        class="bp3-button Button--button StyledProps--font StyledProps--main Button--with-current-color Button--withLeftIcon Button--variation Button--variation-link"
        style="justify-content: flex-start; padding-left: 0px;"
        type="button"
      >
        <span
          class="bp3-icon bp3-icon-plus StyledProps--main StyledProps--padding-right-xsmall"
          icon="plus"
        >
          <svg
            data-icon="plus"
            height="16"
            viewBox="0 0 16 16"
            width="16"
          >
            <desc>
              plus
            </desc>
            <path
              d="M13 7H9V3c0-.55-.45-1-1-1s-1 .45-1 1v4H3c-.55 0-1 .45-1 1s.45 1 1 1h4v4c0 .55.45 1 1 1s1-.45 1-1V9h4c.55 0 1-.45 1-1s-.45-1-1-1z"
              fill-rule="evenodd"
            />
          </svg>
        </span>
        <span
          class="bp3-button-text"
        >
          ce.perspectives.folders.newFolder
        </span>
      </button>
    </div>
    <ul
      class="foldersList"
    >
      <li
        class="link"
      >
        <div
          class="Layout--horizontal StyledProps--main StyledProps--flex StyledProps--flex-justifyContent-space-between"
        >
          <p
            class="StyledProps--font Text--lineclamp StyledProps--main sidenavText StyledProps--font-variation-body StyledProps--color StyledProps--color-grey700"
            style="max-width: 200px; --text-line-clamp: 1; display: flex; align-items: center;"
          >
            <span
              class="bp3-icon StyledProps--main Text--icon StyledProps--padding-right-xsmall"
              data-icon="main-folder"
            >
              <svg
                height="16"
                viewBox="0 0 14 11"
                width="16"
                xmlns="http://www.w3.org/2000/svg"
              >
                <path
                  d="M0 10.3c0 .4.3.7.7.7h12.6c.4 0 .7-.3.7-.7V3.4H0zm13.3-8.9H6.6L5.4.2C5.3.1 5.1 0 4.9 0H.7C.3 0 0 .3 0 .7v2.1h14v-.7c0-.4-.3-.7-.7-.7z"
                  fill="#4d5969"
                />
              </svg>
            </span>
            Abhijeet-Test
          </p>
          <span
            class="bp3-icon StyledProps--main icon StyledProps--color StyledProps--color-primary6"
            data-icon="main-trash"
            data-testid="deleteFolder"
          >
            <svg
              height="16"
              viewBox="0 0 16 20"
              width="16"
              xmlns="http://www.w3.org/2000/svg"
            >
              <path
                clip-rule="evenodd"
                d="M1.143 8.48a1.2 1.2 0 011.189-1.36h10.649a1.2 1.2 0 011.194 1.321l-1.039 10.208a1.2 1.2 0 01-1.193 1.079H3.716a1.2 1.2 0 01-1.189-1.04L1.143 8.48zm11.837-.16H2.332l1.385 10.207h8.226L12.98 8.32zM5.916 1.594a.6.6 0 01.719-.452l4.224.965a.6.6 0 01.452.719L11 4.179l3.86.882a.6.6 0 01-.267 1.17L1.535 3.248a.6.6 0 11.267-1.17l3.805.87.309-1.354zm.86 1.62l3.056.698.175-.768-3.055-.698-.175.768z"
                fill="currentColor"
                fill-rule="evenodd"
              />
              <path
                clip-rule="evenodd"
                d="M8 10.808a.5.5 0 01.5.5v5a.5.5 0 01-1 0v-5a.5.5 0 01.5-.5zm-2.761.012a.5.5 0 01.541.454l.436 4.981a.5.5 0 11-.996.087l-.436-4.98a.5.5 0 01.455-.542zM10.762 10.82a.5.5 0 01.455.541l-.436 4.981a.5.5 0 11-.996-.087l.435-4.98a.5.5 0 01.542-.455z"
                fill="currentColor"
                fill-rule="evenodd"
                opacity="0.3"
              />
            </svg>
          </span>
        </div>
      </li>
      <li
        class="link"
      >
        <div
          class="Layout--horizontal StyledProps--main StyledProps--flex StyledProps--flex-justifyContent-space-between"
        >
          <p
            class="StyledProps--font Text--lineclamp StyledProps--main sidenavText StyledProps--font-variation-body StyledProps--color StyledProps--color-grey700"
            style="max-width: 200px; --text-line-clamp: 1; display: flex; align-items: center;"
          >
            <span
              class="bp3-icon StyledProps--main Text--icon StyledProps--padding-right-xsmall"
              data-icon="main-folder"
            >
              <svg
                height="16"
                viewBox="0 0 14 11"
                width="16"
                xmlns="http://www.w3.org/2000/svg"
              >
                <path
                  d="M0 10.3c0 .4.3.7.7.7h12.6c.4 0 .7-.3.7-.7V3.4H0zm13.3-8.9H6.6L5.4.2C5.3.1 5.1 0 4.9 0H.7C.3 0 0 .3 0 .7v2.1h14v-.7c0-.4-.3-.7-.7-.7z"
                  fill="#4d5969"
                />
              </svg>
            </span>
            Default Folder
          </p>
          <span
            class="bp3-icon StyledProps--main icon StyledProps--color StyledProps--color-primary6"
            data-icon="main-trash"
            data-testid="deleteFolder"
          >
            <svg
              height="16"
              viewBox="0 0 16 20"
              width="16"
              xmlns="http://www.w3.org/2000/svg"
            >
              <path
                clip-rule="evenodd"
                d="M1.143 8.48a1.2 1.2 0 011.189-1.36h10.649a1.2 1.2 0 011.194 1.321l-1.039 10.208a1.2 1.2 0 01-1.193 1.079H3.716a1.2 1.2 0 01-1.189-1.04L1.143 8.48zm11.837-.16H2.332l1.385 10.207h8.226L12.98 8.32zM5.916 1.594a.6.6 0 01.719-.452l4.224.965a.6.6 0 01.452.719L11 4.179l3.86.882a.6.6 0 01-.267 1.17L1.535 3.248a.6.6 0 11.267-1.17l3.805.87.309-1.354zm.86 1.62l3.056.698.175-.768-3.055-.698-.175.768z"
                fill="currentColor"
                fill-rule="evenodd"
              />
              <path
                clip-rule="evenodd"
                d="M8 10.808a.5.5 0 01.5.5v5a.5.5 0 01-1 0v-5a.5.5 0 01.5-.5zm-2.761.012a.5.5 0 01.541.454l.436 4.981a.5.5 0 11-.996.087l-.436-4.98a.5.5 0 01.455-.542zM10.762 10.82a.5.5 0 01.455.541l-.436 4.981a.5.5 0 11-.996-.087l.435-4.98a.5.5 0 01.542-.455z"
                fill="currentColor"
                fill-rule="evenodd"
                opacity="0.3"
              />
            </svg>
          </span>
        </div>
      </li>
      <li
        class="link"
      >
        <div
          class="Layout--horizontal StyledProps--main StyledProps--flex StyledProps--flex-justifyContent-space-between"
        >
          <p
            class="StyledProps--font Text--lineclamp StyledProps--main sidenavText StyledProps--font-variation-body StyledProps--color StyledProps--color-grey700"
            style="max-width: 200px; --text-line-clamp: 1; display: flex; align-items: center;"
          >
            <span
              class="bp3-icon StyledProps--main Text--icon StyledProps--padding-right-xsmall"
              data-icon="main-folder"
            >
              <svg
                height="16"
                viewBox="0 0 14 11"
                width="16"
                xmlns="http://www.w3.org/2000/svg"
              >
                <path
                  d="M0 10.3c0 .4.3.7.7.7h12.6c.4 0 .7-.3.7-.7V3.4H0zm13.3-8.9H6.6L5.4.2C5.3.1 5.1 0 4.9 0H.7C.3 0 0 .3 0 .7v2.1h14v-.7c0-.4-.3-.7-.7-.7z"
                  fill="#4d5969"
                />
              </svg>
            </span>
            Move here
          </p>
          <span
            class="bp3-icon StyledProps--main icon StyledProps--color StyledProps--color-primary6"
            data-icon="main-trash"
            data-testid="deleteFolder"
          >
            <svg
              height="16"
              viewBox="0 0 16 20"
              width="16"
              xmlns="http://www.w3.org/2000/svg"
            >
              <path
                clip-rule="evenodd"
                d="M1.143 8.48a1.2 1.2 0 011.189-1.36h10.649a1.2 1.2 0 011.194 1.321l-1.039 10.208a1.2 1.2 0 01-1.193 1.079H3.716a1.2 1.2 0 01-1.189-1.04L1.143 8.48zm11.837-.16H2.332l1.385 10.207h8.226L12.98 8.32zM5.916 1.594a.6.6 0 01.719-.452l4.224.965a.6.6 0 01.452.719L11 4.179l3.86.882a.6.6 0 01-.267 1.17L1.535 3.248a.6.6 0 11.267-1.17l3.805.87.309-1.354zm.86 1.62l3.056.698.175-.768-3.055-.698-.175.768z"
                fill="currentColor"
                fill-rule="evenodd"
              />
              <path
                clip-rule="evenodd"
                d="M8 10.808a.5.5 0 01.5.5v5a.5.5 0 01-1 0v-5a.5.5 0 01.5-.5zm-2.761.012a.5.5 0 01.541.454l.436 4.981a.5.5 0 11-.996.087l-.436-4.98a.5.5 0 01.455-.542zM10.762 10.82a.5.5 0 01.455.541l-.436 4.981a.5.5 0 11-.996-.087l.435-4.98a.5.5 0 01.542-.455z"
                fill="currentColor"
                fill-rule="evenodd"
                opacity="0.3"
              />
            </svg>
          </span>
        </div>
      </li>
      <li
        class="link"
      >
        <div
          class="Layout--horizontal StyledProps--main StyledProps--flex StyledProps--flex-justifyContent-space-between"
        >
          <p
            class="StyledProps--font Text--lineclamp StyledProps--main sidenavText StyledProps--font-variation-body StyledProps--color StyledProps--color-grey700"
            style="max-width: 200px; --text-line-clamp: 1; display: flex; align-items: center;"
          >
            <span
              class="bp3-icon StyledProps--main Text--icon StyledProps--padding-right-xsmall"
              data-icon="main-folder"
            >
              <svg
                height="16"
                viewBox="0 0 14 11"
                width="16"
                xmlns="http://www.w3.org/2000/svg"
              >
                <path
                  d="M0 10.3c0 .4.3.7.7.7h12.6c.4 0 .7-.3.7-.7V3.4H0zm13.3-8.9H6.6L5.4.2C5.3.1 5.1 0 4.9 0H.7C.3 0 0 .3 0 .7v2.1h14v-.7c0-.4-.3-.7-.7-.7z"
                  fill="#4d5969"
                />
              </svg>
            </span>
            Test
          </p>
          <span
            class="bp3-icon StyledProps--main icon StyledProps--color StyledProps--color-primary6"
            data-icon="main-trash"
            data-testid="deleteFolder"
          >
            <svg
              height="16"
              viewBox="0 0 16 20"
              width="16"
              xmlns="http://www.w3.org/2000/svg"
            >
              <path
                clip-rule="evenodd"
                d="M1.143 8.48a1.2 1.2 0 011.189-1.36h10.649a1.2 1.2 0 011.194 1.321l-1.039 10.208a1.2 1.2 0 01-1.193 1.079H3.716a1.2 1.2 0 01-1.189-1.04L1.143 8.48zm11.837-.16H2.332l1.385 10.207h8.226L12.98 8.32zM5.916 1.594a.6.6 0 01.719-.452l4.224.965a.6.6 0 01.452.719L11 4.179l3.86.882a.6.6 0 01-.267 1.17L1.535 3.248a.6.6 0 11.267-1.17l3.805.87.309-1.354zm.86 1.62l3.056.698.175-.768-3.055-.698-.175.768z"
                fill="currentColor"
                fill-rule="evenodd"
              />
              <path
                clip-rule="evenodd"
                d="M8 10.808a.5.5 0 01.5.5v5a.5.5 0 01-1 0v-5a.5.5 0 01.5-.5zm-2.761.012a.5.5 0 01.541.454l.436 4.981a.5.5 0 11-.996.087l-.436-4.98a.5.5 0 01.455-.542zM10.762 10.82a.5.5 0 01.455.541l-.436 4.981a.5.5 0 11-.996-.087l.435-4.98a.5.5 0 01.542-.455z"
                fill="currentColor"
                fill-rule="evenodd"
                opacity="0.3"
              />
            </svg>
          </span>
        </div>
      </li>
      <li
        class="link"
      >
        <div
          class="Layout--horizontal StyledProps--main StyledProps--flex StyledProps--flex-justifyContent-space-between"
        >
          <p
            class="StyledProps--font Text--lineclamp StyledProps--main sidenavText StyledProps--font-variation-body StyledProps--color StyledProps--color-grey700"
            style="max-width: 200px; --text-line-clamp: 1; display: flex; align-items: center;"
          >
            <span
              class="bp3-icon StyledProps--main Text--icon StyledProps--padding-right-xsmall"
              data-icon="main-folder"
            >
              <svg
                height="16"
                viewBox="0 0 14 11"
                width="16"
                xmlns="http://www.w3.org/2000/svg"
              >
                <path
                  d="M0 10.3c0 .4.3.7.7.7h12.6c.4 0 .7-.3.7-.7V3.4H0zm13.3-8.9H6.6L5.4.2C5.3.1 5.1 0 4.9 0H.7C.3 0 0 .3 0 .7v2.1h14v-.7c0-.4-.3-.7-.7-.7z"
                  fill="#4d5969"
                />
              </svg>
            </span>
            Test123
          </p>
          <span
            class="bp3-icon StyledProps--main icon StyledProps--color StyledProps--color-primary6"
            data-icon="main-trash"
            data-testid="deleteFolder"
          >
            <svg
              height="16"
              viewBox="0 0 16 20"
              width="16"
              xmlns="http://www.w3.org/2000/svg"
            >
              <path
                clip-rule="evenodd"
                d="M1.143 8.48a1.2 1.2 0 011.189-1.36h10.649a1.2 1.2 0 011.194 1.321l-1.039 10.208a1.2 1.2 0 01-1.193 1.079H3.716a1.2 1.2 0 01-1.189-1.04L1.143 8.48zm11.837-.16H2.332l1.385 10.207h8.226L12.98 8.32zM5.916 1.594a.6.6 0 01.719-.452l4.224.965a.6.6 0 01.452.719L11 4.179l3.86.882a.6.6 0 01-.267 1.17L1.535 3.248a.6.6 0 11.267-1.17l3.805.87.309-1.354zm.86 1.62l3.056.698.175-.768-3.055-.698-.175.768z"
                fill="currentColor"
                fill-rule="evenodd"
              />
              <path
                clip-rule="evenodd"
                d="M8 10.808a.5.5 0 01.5.5v5a.5.5 0 01-1 0v-5a.5.5 0 01.5-.5zm-2.761.012a.5.5 0 01.541.454l.436 4.981a.5.5 0 11-.996.087l-.436-4.98a.5.5 0 01.455-.542zM10.762 10.82a.5.5 0 01.455.541l-.436 4.981a.5.5 0 11-.996-.087l.435-4.98a.5.5 0 01.542-.455z"
                fill="currentColor"
                fill-rule="evenodd"
                opacity="0.3"
              />
            </svg>
          </span>
        </div>
      </li>
      <li
        class="link"
      >
        <div
          class="Layout--horizontal StyledProps--main StyledProps--flex StyledProps--flex-justifyContent-space-between"
        >
          <p
            class="StyledProps--font Text--lineclamp StyledProps--main sidenavText StyledProps--font-variation-body StyledProps--color StyledProps--color-grey700"
            style="max-width: 200px; --text-line-clamp: 1; display: flex; align-items: center;"
          >
            <span
              class="bp3-icon StyledProps--main Text--icon StyledProps--padding-right-xsmall"
              data-icon="main-folder"
            >
              <svg
                height="16"
                viewBox="0 0 14 11"
                width="16"
                xmlns="http://www.w3.org/2000/svg"
              >
                <path
                  d="M0 10.3c0 .4.3.7.7.7h12.6c.4 0 .7-.3.7-.7V3.4H0zm13.3-8.9H6.6L5.4.2C5.3.1 5.1 0 4.9 0H.7C.3 0 0 .3 0 .7v2.1h14v-.7c0-.4-.3-.7-.7-.7z"
                  fill="#4d5969"
                />
              </svg>
            </span>
            adfnlajdgblj
          </p>
          <span
            class="bp3-icon StyledProps--main icon StyledProps--color StyledProps--color-primary6"
            data-icon="main-trash"
            data-testid="deleteFolder"
          >
            <svg
              height="16"
              viewBox="0 0 16 20"
              width="16"
              xmlns="http://www.w3.org/2000/svg"
            >
              <path
                clip-rule="evenodd"
                d="M1.143 8.48a1.2 1.2 0 011.189-1.36h10.649a1.2 1.2 0 011.194 1.321l-1.039 10.208a1.2 1.2 0 01-1.193 1.079H3.716a1.2 1.2 0 01-1.189-1.04L1.143 8.48zm11.837-.16H2.332l1.385 10.207h8.226L12.98 8.32zM5.916 1.594a.6.6 0 01.719-.452l4.224.965a.6.6 0 01.452.719L11 4.179l3.86.882a.6.6 0 01-.267 1.17L1.535 3.248a.6.6 0 11.267-1.17l3.805.87.309-1.354zm.86 1.62l3.056.698.175-.768-3.055-.698-.175.768z"
                fill="currentColor"
                fill-rule="evenodd"
              />
              <path
                clip-rule="evenodd"
                d="M8 10.808a.5.5 0 01.5.5v5a.5.5 0 01-1 0v-5a.5.5 0 01.5-.5zm-2.761.012a.5.5 0 01.541.454l.436 4.981a.5.5 0 11-.996.087l-.436-4.98a.5.5 0 01.455-.542zM10.762 10.82a.5.5 0 01.455.541l-.436 4.981a.5.5 0 11-.996-.087l.435-4.98a.5.5 0 01.542-.455z"
                fill="currentColor"
                fill-rule="evenodd"
                opacity="0.3"
              />
            </svg>
          </span>
        </div>
      </li>
      <li
        class="link"
      >
        <div
          class="Layout--horizontal StyledProps--main StyledProps--flex StyledProps--flex-justifyContent-space-between"
        >
          <p
            class="StyledProps--font Text--lineclamp StyledProps--main sidenavText StyledProps--font-variation-body StyledProps--color StyledProps--color-grey700"
            style="max-width: 200px; --text-line-clamp: 1; display: flex; align-items: center;"
          >
            <span
              class="bp3-icon StyledProps--main Text--icon StyledProps--padding-right-xsmall"
              data-icon="main-folder"
            >
              <svg
                height="16"
                viewBox="0 0 14 11"
                width="16"
                xmlns="http://www.w3.org/2000/svg"
              >
                <path
                  d="M0 10.3c0 .4.3.7.7.7h12.6c.4 0 .7-.3.7-.7V3.4H0zm13.3-8.9H6.6L5.4.2C5.3.1 5.1 0 4.9 0H.7C.3 0 0 .3 0 .7v2.1h14v-.7c0-.4-.3-.7-.7-.7z"
                  fill="#4d5969"
                />
              </svg>
            </span>
            sv-test-folder-1
          </p>
          <span
            class="bp3-icon StyledProps--main icon StyledProps--color StyledProps--color-primary6"
            data-icon="main-trash"
            data-testid="deleteFolder"
          >
            <svg
              height="16"
              viewBox="0 0 16 20"
              width="16"
              xmlns="http://www.w3.org/2000/svg"
            >
              <path
                clip-rule="evenodd"
                d="M1.143 8.48a1.2 1.2 0 011.189-1.36h10.649a1.2 1.2 0 011.194 1.321l-1.039 10.208a1.2 1.2 0 01-1.193 1.079H3.716a1.2 1.2 0 01-1.189-1.04L1.143 8.48zm11.837-.16H2.332l1.385 10.207h8.226L12.98 8.32zM5.916 1.594a.6.6 0 01.719-.452l4.224.965a.6.6 0 01.452.719L11 4.179l3.86.882a.6.6 0 01-.267 1.17L1.535 3.248a.6.6 0 11.267-1.17l3.805.87.309-1.354zm.86 1.62l3.056.698.175-.768-3.055-.698-.175.768z"
                fill="currentColor"
                fill-rule="evenodd"
              />
              <path
                clip-rule="evenodd"
                d="M8 10.808a.5.5 0 01.5.5v5a.5.5 0 01-1 0v-5a.5.5 0 01.5-.5zm-2.761.012a.5.5 0 01.541.454l.436 4.981a.5.5 0 11-.996.087l-.436-4.98a.5.5 0 01.455-.542zM10.762 10.82a.5.5 0 01.455.541l-.436 4.981a.5.5 0 11-.996-.087l.435-4.98a.5.5 0 01.542-.455z"
                fill="currentColor"
                fill-rule="evenodd"
                opacity="0.3"
              />
            </svg>
          </span>
        </div>
      </li>
      <li
        class="link"
      >
        <div
          class="Layout--horizontal StyledProps--main StyledProps--flex StyledProps--flex-justifyContent-space-between"
        >
          <p
            class="StyledProps--font Text--lineclamp StyledProps--main sidenavText StyledProps--font-variation-body StyledProps--color StyledProps--color-grey700"
            style="max-width: 200px; --text-line-clamp: 1; display: flex; align-items: center;"
          >
            <span
              class="bp3-icon StyledProps--main Text--icon StyledProps--padding-right-xsmall"
              data-icon="main-folder"
            >
              <svg
                height="16"
                viewBox="0 0 14 11"
                width="16"
                xmlns="http://www.w3.org/2000/svg"
              >
                <path
                  d="M0 10.3c0 .4.3.7.7.7h12.6c.4 0 .7-.3.7-.7V3.4H0zm13.3-8.9H6.6L5.4.2C5.3.1 5.1 0 4.9 0H.7C.3 0 0 .3 0 .7v2.1h14v-.7c0-.4-.3-.7-.7-.7z"
                  fill="#4d5969"
                />
              </svg>
            </span>
            sv-test-folder-2
          </p>
          <span
            class="bp3-icon StyledProps--main icon StyledProps--color StyledProps--color-primary6"
            data-icon="main-trash"
            data-testid="deleteFolder"
          >
            <svg
              height="16"
              viewBox="0 0 16 20"
              width="16"
              xmlns="http://www.w3.org/2000/svg"
            >
              <path
                clip-rule="evenodd"
                d="M1.143 8.48a1.2 1.2 0 011.189-1.36h10.649a1.2 1.2 0 011.194 1.321l-1.039 10.208a1.2 1.2 0 01-1.193 1.079H3.716a1.2 1.2 0 01-1.189-1.04L1.143 8.48zm11.837-.16H2.332l1.385 10.207h8.226L12.98 8.32zM5.916 1.594a.6.6 0 01.719-.452l4.224.965a.6.6 0 01.452.719L11 4.179l3.86.882a.6.6 0 01-.267 1.17L1.535 3.248a.6.6 0 11.267-1.17l3.805.87.309-1.354zm.86 1.62l3.056.698.175-.768-3.055-.698-.175.768z"
                fill="currentColor"
                fill-rule="evenodd"
              />
              <path
                clip-rule="evenodd"
                d="M8 10.808a.5.5 0 01.5.5v5a.5.5 0 01-1 0v-5a.5.5 0 01.5-.5zm-2.761.012a.5.5 0 01.541.454l.436 4.981a.5.5 0 11-.996.087l-.436-4.98a.5.5 0 01.455-.542zM10.762 10.82a.5.5 0 01.455.541l-.436 4.981a.5.5 0 11-.996-.087l.435-4.98a.5.5 0 01.542-.455z"
                fill="currentColor"
                fill-rule="evenodd"
                opacity="0.3"
              />
            </svg>
          </span>
        </div>
      </li>
      <li
        class="link"
      >
        <div
          class="Layout--horizontal StyledProps--main StyledProps--flex StyledProps--flex-justifyContent-space-between"
        >
          <p
            class="StyledProps--font Text--lineclamp StyledProps--main sidenavText StyledProps--font-variation-body StyledProps--color StyledProps--color-grey700"
            style="max-width: 200px; --text-line-clamp: 1; display: flex; align-items: center;"
          >
            <span
              class="bp3-icon StyledProps--main Text--icon StyledProps--padding-right-xsmall"
              data-icon="main-folder"
            >
              <svg
                height="16"
                viewBox="0 0 14 11"
                width="16"
                xmlns="http://www.w3.org/2000/svg"
              >
                <path
                  d="M0 10.3c0 .4.3.7.7.7h12.6c.4 0 .7-.3.7-.7V3.4H0zm13.3-8.9H6.6L5.4.2C5.3.1 5.1 0 4.9 0H.7C.3 0 0 .3 0 .7v2.1h14v-.7c0-.4-.3-.7-.7-.7z"
                  fill="#4d5969"
                />
              </svg>
            </span>
            test1123
          </p>
          <span
            class="bp3-icon StyledProps--main icon StyledProps--color StyledProps--color-primary6"
            data-icon="main-trash"
            data-testid="deleteFolder"
          >
            <svg
              height="16"
              viewBox="0 0 16 20"
              width="16"
              xmlns="http://www.w3.org/2000/svg"
            >
              <path
                clip-rule="evenodd"
                d="M1.143 8.48a1.2 1.2 0 011.189-1.36h10.649a1.2 1.2 0 011.194 1.321l-1.039 10.208a1.2 1.2 0 01-1.193 1.079H3.716a1.2 1.2 0 01-1.189-1.04L1.143 8.48zm11.837-.16H2.332l1.385 10.207h8.226L12.98 8.32zM5.916 1.594a.6.6 0 01.719-.452l4.224.965a.6.6 0 01.452.719L11 4.179l3.86.882a.6.6 0 01-.267 1.17L1.535 3.248a.6.6 0 11.267-1.17l3.805.87.309-1.354zm.86 1.62l3.056.698.175-.768-3.055-.698-.175.768z"
                fill="currentColor"
                fill-rule="evenodd"
              />
              <path
                clip-rule="evenodd"
                d="M8 10.808a.5.5 0 01.5.5v5a.5.5 0 01-1 0v-5a.5.5 0 01.5-.5zm-2.761.012a.5.5 0 01.541.454l.436 4.981a.5.5 0 11-.996.087l-.436-4.98a.5.5 0 01.455-.542zM10.762 10.82a.5.5 0 01.455.541l-.436 4.981a.5.5 0 11-.996-.087l.435-4.98a.5.5 0 01.542-.455z"
                fill="currentColor"
                fill-rule="evenodd"
                opacity="0.3"
              />
            </svg>
          </span>
        </div>
      </li>
      <li
        class="link"
      >
        <div
          class="Layout--horizontal StyledProps--main StyledProps--flex StyledProps--flex-justifyContent-space-between"
        >
          <p
            class="StyledProps--font Text--lineclamp StyledProps--main sidenavText StyledProps--font-variation-body StyledProps--color StyledProps--color-grey700"
            style="max-width: 200px; --text-line-clamp: 1; display: flex; align-items: center;"
          >
            <span
              class="bp3-icon StyledProps--main Text--icon StyledProps--padding-right-xsmall"
              data-icon="main-folder"
            >
              <svg
                height="16"
                viewBox="0 0 14 11"
                width="16"
                xmlns="http://www.w3.org/2000/svg"
              >
                <path
                  d="M0 10.3c0 .4.3.7.7.7h12.6c.4 0 .7-.3.7-.7V3.4H0zm13.3-8.9H6.6L5.4.2C5.3.1 5.1 0 4.9 0H.7C.3 0 0 .3 0 .7v2.1h14v-.7c0-.4-.3-.7-.7-.7z"
                  fill="#4d5969"
                />
              </svg>
            </span>
            testSahil
          </p>
          <span
            class="bp3-icon StyledProps--main icon StyledProps--color StyledProps--color-primary6"
            data-icon="main-trash"
            data-testid="deleteFolder"
          >
            <svg
              height="16"
              viewBox="0 0 16 20"
              width="16"
              xmlns="http://www.w3.org/2000/svg"
            >
              <path
                clip-rule="evenodd"
                d="M1.143 8.48a1.2 1.2 0 011.189-1.36h10.649a1.2 1.2 0 011.194 1.321l-1.039 10.208a1.2 1.2 0 01-1.193 1.079H3.716a1.2 1.2 0 01-1.189-1.04L1.143 8.48zm11.837-.16H2.332l1.385 10.207h8.226L12.98 8.32zM5.916 1.594a.6.6 0 01.719-.452l4.224.965a.6.6 0 01.452.719L11 4.179l3.86.882a.6.6 0 01-.267 1.17L1.535 3.248a.6.6 0 11.267-1.17l3.805.87.309-1.354zm.86 1.62l3.056.698.175-.768-3.055-.698-.175.768z"
                fill="currentColor"
                fill-rule="evenodd"
              />
              <path
                clip-rule="evenodd"
                d="M8 10.808a.5.5 0 01.5.5v5a.5.5 0 01-1 0v-5a.5.5 0 01.5-.5zm-2.761.012a.5.5 0 01.541.454l.436 4.981a.5.5 0 11-.996.087l-.436-4.98a.5.5 0 01.455-.542zM10.762 10.82a.5.5 0 01.455.541l-.436 4.981a.5.5 0 11-.996-.087l.435-4.98a.5.5 0 01.542-.455z"
                fill="currentColor"
                fill-rule="evenodd"
                opacity="0.3"
              />
            </svg>
          </span>
        </div>
      </li>
    </ul>
  </div>
</div>
`;
