// Jest Snapshot v1, https://goo.gl/fbAQLP

exports[`AddCluster tests initial render 1`] = `null`;

exports[`AddCluster tests when no clusters 1`] = `null`;
