// Jest Snapshot v1, https://goo.gl/fbAQLP

exports[`FlagUseSegment it should render correctly 1`] = `
<div>
  <div
    class="StyledProps--font StyledProps--main"
    style="background: rgb(248, 250, 251); overflow: auto; min-width: 480px; width: 480px; height: 100%;"
  >
    <div
      class="Layout--horizontal StyledProps--main StyledProps--padding-right-small"
      style="align-items: baseline; width: 100%; height: 55px;"
    >
      <h3
        class="StyledProps--font StyledProps--font-h3 StyledProps--main StyledProps--padding-xxlarge"
        level="3"
        style="font-size: 14px; color: rgb(34, 39, 45); font-weight: 600; padding-bottom: 0px;"
      >
        cf.segments.usingSegmentWithCount
      </h3>
      <span
        style="flex-grow: 1;"
      />
      <button
        class="bp3-button bp3-minimal Button--button StyledProps--font StyledProps--main StyledProps--intent-primary Button--with-current-color Button--without-shadow Button--variation Button--variation-link"
        data-testid="add-feature-flags-button"
        type="button"
      >
        <span
          class="bp3-button-text"
        >
          cf.segmentDetail.addToFlag
        </span>
      </button>
    </div>
    <div
      class="StyledProps--font StyledProps--main"
      style="overflow: auto; width: 100%; height: calc(100% - 55px);"
    >
      <h3
        class="StyledProps--font StyledProps--font-h3 StyledProps--main"
        level="3"
        style="color: rgb(79, 81, 98); position: sticky; top: 0px; background: rgb(248, 250, 251); font-size: 14px; font-weight: 500;"
      >
        cf.segmentDetail.directlyAdded
      </h3>
      <div
        class="Layout--horizontal StyledProps--main StyledProps--margin-bottom-small StyledProps--padding-left-small"
        style="align-items: center;"
      >
        <p
          class="StyledProps--font StyledProps--main StyledProps--padding-left-small"
          style="color: rgb(79, 81, 98); font-size: 10px; font-weight: bold; flex-grow: 1;"
        >
          CF.SHARED.FLAGS
        </p>
        <p
          class="StyledProps--font StyledProps--main StyledProps--padding-left-small"
          style="color: rgb(79, 81, 98); font-size: 10px; font-weight: bold; width: 150px;"
        >
          CF.SHARED.VARIATION
        </p>
      </div>
      <div
        class="Layout--vertical Layout--layout-spacing-small StyledProps--main"
        style="padding: 1px;"
      >
        <div
          class="StyledProps--font StyledProps--main StyledProps--padding-medium"
          style="box-shadow: 0px 0px 1px rgba(40, 41, 61, 0.08), 0px 0.5px 2px rgba(96, 97, 112, 0.16); border-radius: 8px;"
        >
          <div
            class="Layout--horizontal Layout--layout-spacing-xsmall StyledProps--main"
            style="align-items: center;"
          >
            <div
              class="StyledProps--font StyledProps--main StyledProps--padding-left-xsmall StyledProps--padding-right-small"
              style="flex-grow: 1;"
            >
              <p
                class="StyledProps--font StyledProps--main"
                style="color: rgb(34, 34, 42); font-size: 12px; font-weight: 600; line-height: 16px;"
              >
                flag_with_prereqs
              </p>
              
            </div>
            <p
              class="StyledProps--font StyledProps--main"
              style="min-width: 88px; max-width: 88px;"
            >
              true
            </p>
            <span
              class="bp3-popover-wrapper"
            >
              <span
                class="bp3-popover-target"
              >
                <button
                  class="bp3-button bp3-minimal Button--button StyledProps--font StyledProps--main Button--with-current-color Button--iconOnly Button--without-shadow Button--withLeftIcon"
                  type="button"
                >
                  <span
                    class="bp3-icon StyledProps--main"
                    data-icon="Options"
                  >
                    <svg
                      fill="none"
                      height="16"
                      viewBox="0 0 4 16"
                      width="16"
                      xmlns="http://www.w3.org/2000/svg"
                    >
                      <path
                        clip-rule="evenodd"
                        d="M2 12.5a1 1 0 100 2 1 1 0 000-2zm-2 1a2 2 0 114 0 2 2 0 01-4 0zm2-12a1 1 0 100 2 1 1 0 000-2zm-2 1a2 2 0 114 0 2 2 0 01-4 0zM2 7a1 1 0 100 2 1 1 0 000-2zM0 8a2 2 0 114 0 2 2 0 01-4 0z"
                        fill="currentColor"
                        fill-rule="evenodd"
                      />
                    </svg>
                  </span>
                </button>
              </span>
            </span>
          </div>
        </div>
      </div>
    </div>
  </div>
</div>
`;
